diagne@a10p16:~$ cd workspace/PDS/tp1
diagne@a10p16:~/workspace/PDS/tp1$ ls
maccess.c  Makefile  prlimit.c
diagne@a10p16:~/workspace/PDS/tp1$ make
gcc -Wall -Werror -ansi -pedantic -D_XOPEN_SOURCE=500 -g prlimit.c -o prlimit
gcc -Wall -Werror -ansi -pedantic -D_XOPEN_SOURCE=500 -g maccess.c -o maccess

---------------------------------------------------------------- Droit d'accès ----------------------------------------------------------------------------------
diagne@a10p16:~/workspace/PDS/tp1$ touch fichier_lecture_seule.java
diagne@a10p16:~/workspace/PDS/tp1$ chmod u-w fichier_lecture_seule.java
diagne@a10p16:~/workspace/PDS/tp1$ ls -l
total 36
-r--r--r-- 1 diagne l3    0 janv.  9 18:46 fichier_lecture_seule.java
-rwxr-xr-x 1 diagne l3 9398 janv.  9 18:46 maccess*
-rw-r--r-- 1 diagne l3 4976 janv.  9 18:41 maccess.c
-rw-r--r-- 1 diagne l3  256 janv.  9 18:16 Makefile
-rwxr-xr-x 1 diagne l3 6153 janv.  9 18:46 prlimit*
-rw-r--r-- 1 diagne l3  347 janv.  9 15:38 prlimit.c
diagne@a10p16:~/workspace/PDS/tp1$ ./maccess -w -v /home/l3/diagne/workspace/PDS/tp1/fichier_lecture_seule.java
maccess: Le droit d'accès demandé au fichier n'est pas positionné

--------------------------------------------------------------- Fichier inexistant ----------------------------------------------------------------------------
diagne@a10p16:~/workspace/PDS/tp1$ ./maccess -w -v /home/l3/diagne/workspace/PDS/tp1/fichier_inexistant
maccess: Le fichier n'existe pas

----------------------------------------------- Une des composantes du nom de fichier n'est pas un répertoire ------------------------------------------------------------
diagne@a10p16:~/workspace/PDS/tp1$ ./maccess -w -v /home/l3/diagne/workspace/PDS/tp1/fichier_lecture_seule.java/test
maccess: Une des composantes du nom de fichier n'est pas un répertoire

---------------------------------------------------- Nom de fichier trop long ------------------------------------------------------------------------------------------------
diagne@a10p16:~/workspace/PDS/tp1$ ./maccess -w -v /home/l3/diagne/workspace/PDS/yyyyyygrqerqeuryzeiquornfezuifsdnfroezrrelreptnxcwgfhruvtqzegtrvyazesdgvfizeyubtreifyutrsdgjdqsmgsmhhsgmgjshmgmdjsqgmqdghljshqsjgdlmsfmhlgjfjlghncbvnvxcvxcnvdfsqfmdgjgkjmsqtzqeptpruifnwxcbvcbfsdgjklfghfdlgdhfgmghdfposghpozaerzpfpwxdfdsbvpisdfsdfopigrecvbfdspfyfsdbfefffriouezarôdfhieozhriorheireio/
maccess: Le nom du fichier est trop long

--------------------------------------------------- Une des composantes du nom de fichier trop longue --------------------------------------------------------------------------
diagne@a10p16:~/workspace/PDS/tp1$ ./maccess -w -v /home/l3/diagne/workspace/PDS/11111111111111111111111111111111111111111111111111111111111111111111111111111111111111111111111111111111111111111111111111111111111111111111111111111111111111111111111111111
111111111111111111111111111111111111111111111111111111111111111111111111111111111111111111111111111111111111111111111111111111111111111111111111111111111111111111111111111111111
111111111111111111111111111111111111111111111111111111111111111111111111111111111111111111111111111111111111111111111111111111111111111111111111111111111111111111111111111111111
111111111111111111111111111111111111111111111111111111111111111111111111111111111111111111111111111111111111111111111111111111111111111111111111111111111111111111111111111111111
111111111111111111111111111111111111111111111111111111111111111111111111111111111111111111111111111111111111111111111111111111111111111111111111111111111111111111111111111111111
111111111111111111111111111111111111111111111111111111111111111111111111111111111111111111111111111111111111111111111111111111111111111111111111111111111111111111111111111111111
111111111111111111111111111111111111111111111111111111111111111111111111111111111111111111111111111111111111111111111111111111111111111111111111111111111111111111111111111111111
111111111111111111111111111111111111111111111111111111111111111111111111111111111111111111111111111111111111111111111111111111111111111111111111111111111111111111111111111111111
111111111111111111111111111111111111111111111111111111111111111111111111111111111111111111111111111111111111111111111111111111111111111111111111111111111111111111111111111111111
111111111111111111111111111111111111111111111111111111111111111111111111111111111111111111111111111111111111111111111111111111111111111111111111111111111111111111111111111111111
111111111111111111111111111111111111111111111111111111111111111111111111111111111111111111111111111111111111111111111111111111111111111111111111111111111111111111111111111111111
111111111111111111111111111111111111111111111111111111111111111111111111111111111111111111111111111111111111111111111111111111111111111111111111111111111111111111111111111111111
111111111111111111111111111111111111111111111111111111111111111111111111111111111111111111111111111111111111111111111111111111111111111111111111111111111111111111111111111111111
111111111111111111111111111111111111111111111111111111111111111111111111111111111111111111111111111111111111111111111111111111111111111111111111111111111111111111111111111111111
111111111111111111111111111111111111111111111111111111111111111111111111111111111111111111111111111111111111111111111111111111111111111111111111111111111111111111111111111111111
111111111111111111111111111111111111111111111111111111111111111111111111111111111111111111111111111111111111111111111111111111111111111111111111111111111111111111111111111111111
111111111111111111111111111111111111111111111111111111111111111111111111111111111111111111111111111111111111111111111111111111111111111111111111111111111111111111111111111111111
111111111111111111111111111111111111111111111111111111111111111111111111111111111111111111111111111111111111111111111111111111111111111111111111111111111111111111111111111111111
111111111111111111111111111111111111111111111111111111111111111111111111111111111111111111111111111111111111111111111111111111111111111111111111111111111111111111111111111111111
111111111111111111111111111111111111111111111111111111111111111111111111111111111111111111111111111111111111111111111111111111111111111111111111111111111111111111111111111111111
111111111111111111111111111111111111111111111111111111111111111111111111111111111111111111111111111111111111111111111111111111111111111111111111111111111111111111111111111111111
111111111111111111111111111111111111111111111111111111111111111111111111111111111111111111111111111111111111111111111111111111111111111111111111111111111111111111111111111111111
111111111111111111111111111111111111111111111111111111111111111111111111111111111111111111111111111111111111111111111111111111111111111111111111111111111111111111111111111111111
111111111111111111111111111111111111111111111111111111111111111111111111111111111111111111111111111111111111111111111111111111111111111111111111111111111111111111111111111111111
111111111111111111111111111111111111111111111111111111111111111111111111111111111111111111111111111111111111111111111111111111111111111111111111111111111111111111111111111111111
111111111111111111111111111111111111111111111111111111111111111111111111111111111111111111111111111111111111111111111111111111111111111111111111111111111111111111111111111111111
111111111111111111111111111111111111111111111111111111111111111111111111111111111111111111111111111111111111111111111111111111111111111111111111111111111111111111111111111111111
111111111111111111111111111111111111111111111111111111111111111111111111111111111111111111111111111111111111111111111111111111111111111111111111111111111111111111111111111111111
111111111111111111111111111111111111111111111111111111111111111111111111111111111111111111111111111111111111111111111111111111111111111111111111111111111111111111111111111111111
111111111111111111111111111111111111111111111111111111111111111111111111111111111111111111111111111111111111111111111111111111111111111111111111111111111111111111111111111111111
111111111111111111111111111111111111111111111111111111111111111111111111111111111111111111111111111111111111111111111111111111111111111111111111111111111111111111111111111111111
111111111111111111111111111111111111111111111111111111111111111111111111111111111111111111111111111111111111111111111111111111111111111/test.c
maccess: Une des composantes du nom de fichier est trop longue

---------------------------------------------------------------- Trop de liens symboliques --------------------------------------------------------------------------------------
diagne@a10p16:~/workspace/PDS/tp1$ ln -s lien_symbolique lien_symbolique
diagne@a10p16:~/workspace/PDS/tp1$ ./maccess -r -v /home/l3/diagne/workspace/PDS/tp1/lien_symbolique 
maccess: Le nom du fichier comporte trop de liens symboliques

------------------------------------------------------------------ Autre erreur (mode incorrect) --------------------------------------------------------------------------------
./maccess -r -v -z /home/l3/diagne/workspace/PDS/tp1/fichier_lecture_seule.java
maccess: Autre erreur

